------------------------------------------------------------
Timing Analyzer Summary
------------------------------------------------------------

Type  : Slow 1100mV 85C Model Setup 'CLOCK_50'
Slack : -5.520
TNS   : -5.520

Type  : Slow 1100mV 85C Model Setup 'avconf:avc|mI2C_CTRL_CLK'
Slack : -2.468
TNS   : -140.637

Type  : Slow 1100mV 85C Model Setup 'visual|VGA|mypll|altpll_component|auto_generated|generic_pll1~PLL_OUTPUT_COUNTER|divclk'
Slack : 34.171
TNS   : 0.000

Type  : Slow 1100mV 85C Model Hold 'CLOCK_50'
Slack : 0.363
TNS   : 0.000

Type  : Slow 1100mV 85C Model Hold 'avconf:avc|mI2C_CTRL_CLK'
Slack : 0.379
TNS   : 0.000

Type  : Slow 1100mV 85C Model Hold 'visual|VGA|mypll|altpll_component|auto_generated|generic_pll1~PLL_OUTPUT_COUNTER|divclk'
Slack : 0.423
TNS   : 0.000

Type  : Slow 1100mV 85C Model Minimum Pulse Width 'avconf:avc|mI2C_CTRL_CLK'
Slack : -0.394
TNS   : -37.087

Type  : Slow 1100mV 85C Model Minimum Pulse Width 'visual|VGA|mypll|altpll_component|auto_generated|generic_pll1~FRACTIONAL_PLL|vcoph[0]'
Slack : 1.666
TNS   : 0.000

Type  : Slow 1100mV 85C Model Minimum Pulse Width 'CLOCK_50'
Slack : 8.770
TNS   : 0.000

Type  : Slow 1100mV 85C Model Minimum Pulse Width 'visual|VGA|mypll|altpll_component|auto_generated|generic_pll1~PLL_OUTPUT_COUNTER|divclk'
Slack : 18.752
TNS   : 0.000

Type  : Slow 1100mV 0C Model Setup 'CLOCK_50'
Slack : -5.386
TNS   : -5.386

Type  : Slow 1100mV 0C Model Setup 'avconf:avc|mI2C_CTRL_CLK'
Slack : -2.356
TNS   : -134.465

Type  : Slow 1100mV 0C Model Setup 'visual|VGA|mypll|altpll_component|auto_generated|generic_pll1~PLL_OUTPUT_COUNTER|divclk'
Slack : 34.292
TNS   : 0.000

Type  : Slow 1100mV 0C Model Hold 'CLOCK_50'
Slack : 0.358
TNS   : 0.000

Type  : Slow 1100mV 0C Model Hold 'avconf:avc|mI2C_CTRL_CLK'
Slack : 0.386
TNS   : 0.000

Type  : Slow 1100mV 0C Model Hold 'visual|VGA|mypll|altpll_component|auto_generated|generic_pll1~PLL_OUTPUT_COUNTER|divclk'
Slack : 0.402
TNS   : 0.000

Type  : Slow 1100mV 0C Model Minimum Pulse Width 'avconf:avc|mI2C_CTRL_CLK'
Slack : -0.394
TNS   : -36.661

Type  : Slow 1100mV 0C Model Minimum Pulse Width 'visual|VGA|mypll|altpll_component|auto_generated|generic_pll1~FRACTIONAL_PLL|vcoph[0]'
Slack : 1.666
TNS   : 0.000

Type  : Slow 1100mV 0C Model Minimum Pulse Width 'CLOCK_50'
Slack : 8.744
TNS   : 0.000

Type  : Slow 1100mV 0C Model Minimum Pulse Width 'visual|VGA|mypll|altpll_component|auto_generated|generic_pll1~PLL_OUTPUT_COUNTER|divclk'
Slack : 18.737
TNS   : 0.000

Type  : Fast 1100mV 85C Model Setup 'CLOCK_50'
Slack : -4.450
TNS   : -4.450

Type  : Fast 1100mV 85C Model Setup 'avconf:avc|mI2C_CTRL_CLK'
Slack : -1.156
TNS   : -60.256

Type  : Fast 1100mV 85C Model Setup 'visual|VGA|mypll|altpll_component|auto_generated|generic_pll1~PLL_OUTPUT_COUNTER|divclk'
Slack : 36.331
TNS   : 0.000

Type  : Fast 1100mV 85C Model Hold 'avconf:avc|mI2C_CTRL_CLK'
Slack : 0.138
TNS   : 0.000

Type  : Fast 1100mV 85C Model Hold 'CLOCK_50'
Slack : 0.178
TNS   : 0.000

Type  : Fast 1100mV 85C Model Hold 'visual|VGA|mypll|altpll_component|auto_generated|generic_pll1~PLL_OUTPUT_COUNTER|divclk'
Slack : 0.240
TNS   : 0.000

Type  : Fast 1100mV 85C Model Minimum Pulse Width 'avconf:avc|mI2C_CTRL_CLK'
Slack : -0.017
TNS   : -0.063

Type  : Fast 1100mV 85C Model Minimum Pulse Width 'visual|VGA|mypll|altpll_component|auto_generated|generic_pll1~FRACTIONAL_PLL|vcoph[0]'
Slack : 1.666
TNS   : 0.000

Type  : Fast 1100mV 85C Model Minimum Pulse Width 'CLOCK_50'
Slack : 8.798
TNS   : 0.000

Type  : Fast 1100mV 85C Model Minimum Pulse Width 'visual|VGA|mypll|altpll_component|auto_generated|generic_pll1~PLL_OUTPUT_COUNTER|divclk'
Slack : 18.874
TNS   : 0.000

Type  : Fast 1100mV 0C Model Setup 'CLOCK_50'
Slack : -3.841
TNS   : -3.841

Type  : Fast 1100mV 0C Model Setup 'avconf:avc|mI2C_CTRL_CLK'
Slack : -1.009
TNS   : -51.248

Type  : Fast 1100mV 0C Model Setup 'visual|VGA|mypll|altpll_component|auto_generated|generic_pll1~PLL_OUTPUT_COUNTER|divclk'
Slack : 36.731
TNS   : 0.000

Type  : Fast 1100mV 0C Model Hold 'avconf:avc|mI2C_CTRL_CLK'
Slack : 0.112
TNS   : 0.000

Type  : Fast 1100mV 0C Model Hold 'CLOCK_50'
Slack : 0.169
TNS   : 0.000

Type  : Fast 1100mV 0C Model Hold 'visual|VGA|mypll|altpll_component|auto_generated|generic_pll1~PLL_OUTPUT_COUNTER|divclk'
Slack : 0.217
TNS   : 0.000

Type  : Fast 1100mV 0C Model Minimum Pulse Width 'avconf:avc|mI2C_CTRL_CLK'
Slack : 0.018
TNS   : 0.000

Type  : Fast 1100mV 0C Model Minimum Pulse Width 'visual|VGA|mypll|altpll_component|auto_generated|generic_pll1~FRACTIONAL_PLL|vcoph[0]'
Slack : 1.666
TNS   : 0.000

Type  : Fast 1100mV 0C Model Minimum Pulse Width 'CLOCK_50'
Slack : 8.808
TNS   : 0.000

Type  : Fast 1100mV 0C Model Minimum Pulse Width 'visual|VGA|mypll|altpll_component|auto_generated|generic_pll1~PLL_OUTPUT_COUNTER|divclk'
Slack : 18.878
TNS   : 0.000

------------------------------------------------------------
